#INFO: **** input file is /usr/local/bin/sp ****
#!/usr/bin/python3
# EASY-INSTALL-ENTRY-SCRIPT: 'AmoryQuantum','console_scripts','sp'
import re
import sys

# for compatibility with easy_install; see #2198
__requires__ = 'AmoryQuantum'

try:
    from importlib.metadata import distribution
except ImportError:
    try:
        from importlib_metadata import distribution
    except ImportError:
        from pkg_resources import load_entry_point


def importlib_load_entry_point(spec, group, name):
    dist_name, _, _ = spec.partition('==')
    matches = (
        entry_point
        for entry_point in distribution(dist_name).entry_points
        if entry_point.group == group and entry_point.name == name
    )
    return next(matches).load()


globals().setdefault('load_entry_point', importlib_load_entry_point)


if __name__ == '__main__':
    sys.argv[0] = re.sub(r'(-script\.pyw?|\.exe)?$', '', sys.argv[0])
    sys.exit(load_entry_point('AmoryQuantum', 'console_scripts', 'sp')())
#INFO: ******************** input file end ********************


System: uname_result(system='Linux', node='fdfa71696c63', release='6.17.0-35-generic', version='#35~24.04.1-Ubuntu SMP PREEMPT_DYNAMIC Tue May 26 19:30:42 UTC 2', machine='x86_64')  Threads 6
Python 3.10.12 (main, Mar  3 2026, 11:56:32) [GCC 11.4.0]
numpy 2.2.6  scipy 1.15.3  h5py 3.16.0
Date: Tue Jun 30 16:25:16 2026
PySCF version 2.9.0
PySCF path  /usr/local/lib/python3.10/dist-packages/pyscf/__init__.py
CUDA Environment
    CuPy 14.1.1
    CUDA Path None
    CUDA Build Version 12090
    CUDA Driver Version 12020
    CUDA Runtime Version 12090
CUDA toolkit
    cuSolver (11, 5, 2)
    cuBLAS 120902
    cuTENSOR None
Device info
    Device name b'NVIDIA GeForce RTX 4070 Ti'
    Device global memory 11.72 GB
    CuPy memory fraction 0.9
    Num. Devices 1
GPU4PySCF 1.4.0
GPU4PySCF path  /usr/local/lib/python3.10/dist-packages/gpu4pyscf

[CONFIG] conf_file None
[INPUT] verbose = 4
[INPUT] num. atoms = 125
[INPUT] num. electrons = 444
[INPUT] charge = -1
[INPUT] spin (= nelec alpha-beta = 2S) = 0
[INPUT] symmetry False subgroup None
[INPUT] Mole.unit = Ang
[INPUT] Symbol           X                Y                Z      unit          X                Y                Z       unit  Magmom
[INPUT]  1 C      5.537799979506   6.144699885132   0.144500148989 AA   10.464925293888  11.611799900546   0.273065706548 Bohr   0.0
[INPUT]  2 N      6.126862059767   5.977492943935  -1.187014089752 AA   11.578091295947  11.295824575557  -2.243131535631 Bohr   0.0
[INPUT]  3 H      5.419912095656   5.933334732027  -1.931953856094 AA   10.242149480007  11.212377648901  -3.650863673315 Bohr   0.0
[INPUT]  4 C      7.137934785736   6.943604533593  -1.579359254800 AA   13.488741840046  13.121510885779  -2.984556443870 Bohr   0.0
[INPUT]  5 H      6.922675514919   7.961964375112  -1.149182949688 AA   13.081960772430  15.045932082505  -2.171641041931 Bohr   0.0
[INPUT]  6 C      8.538817442800   6.529093873733  -1.031370307557 AA   16.136026394551  12.338199262931  -1.949007414291 Bohr   0.0
[INPUT]  7 H      8.379212556205   6.248317588273   0.032529151214 AA   15.834416870745  11.807608981138   0.061471186860 Bohr   0.0
[INPUT]  8 C      9.158603684191   5.360611839777  -1.782677192779 AA   17.307252646554  10.130088237279  -3.368771662861 Bohr   0.0
[INPUT]  9 H     10.049815825581   4.980069442622  -1.247220309373 AA   18.991399512669   9.410967327872  -2.356904801710 Bohr   0.0
[INPUT] 10 H      8.416966946369   4.544406127986  -1.871536847449 AA   15.905762328154   8.587682980690  -3.536692073710 Bohr   0.0
[INPUT] 11 H      9.471398141380   5.660993344082  -2.802692825871 AA   17.898348503922  10.697727013301  -5.296321852180 Bohr   0.0
[INPUT] 12 O      9.466729999619   7.636322002989  -1.096918644551 AA   17.889526994484  14.430557184639  -2.072875819131 Bohr   0.0
[INPUT] 13 H      9.218287857347   8.277406409679  -0.404550753692 AA   17.420039387789  15.642031136012  -0.764490127963 Bohr   0.0
[INPUT] 14 C      7.127390085152   7.123399716916  -3.123923867172 AA   13.468815243878  13.461274540776  -5.903360542948 Bohr   0.0
[INPUT] 15 O      6.211952731252   6.660051165609  -3.820717237770 AA   11.738889360809  12.585672678592  -7.220109178790 Bohr   0.0
[INPUT] 16 N      8.176564635219   7.831021665156  -3.633463762263 AA   15.451467800368  14.798486222681  -6.866251394208 Bohr   0.0
[INPUT] 17 H      8.911223961519   8.085477587982  -2.957399171578 AA   16.839772721932  15.279338227595  -5.588674475299 Bohr   0.0
[INPUT] 18 C      8.435200017922   7.999200186673  -5.058700267583 AA   15.940217839798  15.116297568382  -9.559558051996 Bohr   0.0
[INPUT] 19 H      8.975506261045   8.949743967793  -5.227998557575 AA   16.961248662694  16.912564984107  -9.879485453438 Bohr   0.0
[INPUT] 20 C      2.523699977030   2.708500009754   2.850899998174 AA    4.769101777158   5.118323226817   5.387420205072 Bohr   0.0
[INPUT] 21 N      3.523262888438   2.046082449872   3.680578791714 AA    6.658001923992   3.866535458537   6.955285896223 Bohr   0.0
[INPUT] 22 H      3.081569014462   1.691923749244   4.535142320015 AA    5.823321471278   3.197272509719   8.570176920753 Bohr   0.0
[INPUT] 23 C      4.696403528359   2.848692260222   4.044280389434 AA    8.874916439039   5.383248184988   7.642582306981 Bohr   0.0
[INPUT] 24 H      5.193724693968   2.319367088695   4.883457776718 AA    9.814717237991   4.382968579963   9.228397738874 Bohr   0.0
[INPUT] 25 C      5.714155119389   2.884039047989   2.888474161229 AA   10.798188208926   5.450043933251   5.458425082605 Bohr   0.0
[INPUT] 26 H      5.692018541368   1.877802206887   2.410947685028 AA   10.756356139132   3.548531887120   4.556030825357 Bohr   0.0
[INPUT] 27 H      5.419298449051   3.617216815448   2.103677963342 AA   10.240989855988   6.835549114369   3.975375205000 Bohr   0.0
[INPUT] 28 O      7.012833625389   3.192368141294   3.353798052765 AA   13.252334909126   6.032701475833   6.337759796825 Bohr   0.0
[INPUT] 29 H      7.524687315268   2.213592493572   3.522558410536 AA   14.219598198845   4.183083564243   6.656670653696 Bohr   0.0
[INPUT] 30 C      4.253082375806   4.213703530409   4.626170848014 AA    8.037160875487   7.962745642585   8.742195908193 Bohr   0.0
[INPUT] 31 O      3.504726228705   4.247668182267   5.613127890033 AA    6.622972713833   8.026929532513  10.607274414320 Bohr   0.0
[INPUT] 32 N      4.594612708852   5.351365444252   3.941697271756 AA    8.682559668176  10.112615082097   7.448728309564 Bohr   0.0
[INPUT] 33 H      5.362381621132   5.308204155311   3.263732295110 AA   10.133432639341  10.031052066817   6.167560181656 Bohr   0.0
[INPUT] 34 C      4.129648621395   6.666214482301   4.371766519348 AA    7.803904885124  12.597319659159   8.261441402111 Bohr   0.0
[INPUT] 35 H      4.037154916233   6.638276615916   5.479133548575 AA    7.629117114121  12.544524743186  10.354061806722 Bohr   0.0
[INPUT] 36 C      5.108468215295   7.782493406251   3.957782902650 AA    9.653605842953  14.706781104048   7.479125746495 Bohr   0.0
[INPUT] 37 H      5.552964063445   7.515675452762   2.974243986224 AA   10.493581259462  14.202568246837   5.620506561599 Bohr   0.0
[INPUT] 38 H      4.519604705283   8.707939905231   3.797888967397 AA    8.540815084281  16.455621530058   7.176969999887 Bohr   0.0
[INPUT] 39 C      6.228509664173   8.085798820802   4.978126184803 AA   11.770177429494  15.279945269647   9.407295102804 Bohr   0.0
[INPUT] 40 H      6.908494030017   8.804446539701   4.466316497422 AA   13.055161649924  16.637992638409   8.440114965755 Bohr   0.0
[INPUT] 41 C      5.678811974072   8.786184508559   6.228787779540 AA   10.731399343897  16.603482401073  11.770702991369 Bohr   0.0
[INPUT] 42 H      4.980937662472   8.128378599347   6.788753573248 AA    9.412608025604  15.360409389541  12.828884980601 Bohr   0.0
[INPUT] 43 H      6.500456509731   9.057905861547   6.923005391873 AA   12.284082488039  17.116961340416  13.082584149527 Bohr   0.0
[INPUT] 44 H      5.125249970218   9.711946932310   5.968756399312 AA    9.685318763647  18.352919838376  11.279314898944 Bohr   0.0
[INPUT] 45 C      7.057192980685   6.847777091517   5.345069743086 AA   13.336161941697  12.940423265038  10.100717931131 Bohr   0.0
[INPUT] 46 H      6.455313927761   6.110832052410   5.916952680901 AA   12.198775371558  11.547798972268  11.181420058914 Bohr   0.0
[INPUT] 47 H      7.442746039657   6.336592704702   4.441029076369 AA   14.064751629642  11.974424774804   8.392328665568 Bohr   0.0
[INPUT] 48 H      7.920878484808   7.128683532599   5.982223912957 AA   14.968291002247  13.471259505310  11.304764811313 Bohr   0.0
[INPUT] 49 C      2.680656907216   6.991368067488   3.924974253385 AA    5.065707388562  13.211770883582   7.417126384867 Bohr   0.0
[INPUT] 50 O      2.101037472570   7.981333817185   4.391261915408 AA    3.970385400606  15.082535023209   8.298282361354 Bohr   0.0
[INPUT] 51 N      2.122189174869   6.137955408700   3.026587784519 AA    4.010356325018  11.599054687236   5.719422004696 Bohr   0.0
[INPUT] 52 H      2.694492057266   5.332190188390   2.763973978551 AA    5.091852033048  10.076379100150   5.223153834885 Bohr   0.0
[INPUT] 53 C      0.713800000809   6.135800002106   2.676599995877 AA    1.348886509244  11.594981559085   5.058040937219 Bohr   0.0
[INPUT] 54 H      0.295426842592   7.136461031525   2.893419286583 AA    0.558275822343  13.485956848213   5.467770015176 Bohr   0.0
[INPUT] 55 H      0.584849113991   5.913601162609   1.599291625266 AA    1.105204649637  11.175086607240   3.022223165063 Bohr   0.0
[INPUT] 56 C     10.884300013596  -5.539200090404   9.687000110568 AA   20.568346083296 -10.467571120030  18.305777177604 Bohr   0.0
[INPUT] 57 N     10.921116913708  -4.182711015586  10.190934847268 AA   20.637919941263  -7.904178277659  19.258075814623 Bohr   0.0
[INPUT] 58 H     11.826294534620  -3.944426125298  10.618447057720 AA   22.348457738873  -7.453885095393  20.065956807285 Bohr   0.0
[INPUT] 59 C     10.634059050142  -3.201428910833   9.155222002995 AA   20.095459197221  -6.049823848739  17.300862195253 Bohr   0.0
[INPUT] 60 H     10.894692109127  -3.606538997139   8.144005432501 AA   20.587984297710  -6.815370962156  15.389939824396 Bohr   0.0
[INPUT] 61 C      9.130888746422  -2.853440847433   9.108750477432 AA   17.254879004612  -5.392221714296  17.213043739348 Bohr   0.0
[INPUT] 62 H      8.558786956775  -3.781537849183   9.323060920256 AA   16.173763306804  -7.146070864632  17.618031781918 Bohr   0.0
[INPUT] 63 H      8.862771076285  -2.148818703848   9.923299194473 AA   16.748210038895  -4.060678841615  18.752317729672 Bohr   0.0
[INPUT] 64 C      8.589107088138  -2.306979282032   7.778215734183 AA   16.231060051141  -4.359559018086  14.698697475389 Bohr   0.0
[INPUT] 65 O      7.400382215839  -1.936019216937   7.713314979998 AA   13.984695605037  -3.658546091906  14.576052824702 Bohr   0.0
[INPUT] 66 O      9.435924782211  -2.282208906225   6.792370057232 AA   17.831313570375  -4.312749791808  12.835719144864 Bohr   0.0
[INPUT] 67 C     11.546973222742  -1.976573585037   9.344190494837 AA   21.820616958669  -3.735182740770  17.657960891006 Bohr   0.0
[INPUT] 68 O     12.361050037834  -1.896727925305  10.283392983602 AA   23.358999183551  -3.584296311641  19.432796370282 Bohr   0.0
[INPUT] 69 N     11.409379260801  -1.018579319738   8.398110340439 AA   21.560602054207  -1.924835950450  15.870128507308 Bohr   0.0
[INPUT] 70 C     12.205100001962   0.188999988041   8.405700018414 AA   23.064296326637   0.357158214943  15.884470920054 Bohr   0.0
[INPUT] 71 H     13.281557497122  -0.020429519301   8.218156026590 AA   25.098506177223  -0.038606196335  15.530064139198 Bohr   0.0
[INPUT] 72 C     10.624199998123  -5.456899988574   1.912400001081 AA   20.076828289058 -10.312046467547   3.613912242661 Bohr   0.0
[INPUT] 73 N     10.988552290099  -4.060428811762   2.150119363327 AA   20.765354333749  -7.673098402522   4.063136731812 Bohr   0.0
[INPUT] 74 H     11.754090857629  -4.008115393575   2.832276449003 AA   22.212012564173  -7.574240369509   5.352226797671 Bohr   0.0
[INPUT] 75 C      9.888280807307  -3.200042007647   2.589460937506 AA   18.686142568603  -6.047202981556   4.893371982146 Bohr   0.0
[INPUT] 76 H      9.245443114527  -3.681474877621   3.365480887294 AA   17.471355386702  -6.956979253171   6.359837154444 Bohr   0.0
[INPUT] 77 C     10.483986915115  -1.890944042309   3.178638179457 AA   19.811863963090  -3.573366356841   6.006755608261 Bohr   0.0
[INPUT] 78 H     11.091592660070  -2.173650551514   4.066237187684 AA   20.960072412769  -4.107604232871   7.684074642243 Bohr   0.0
[INPUT] 79 H     11.179454742070  -1.463292676033   2.427275751841 AA   21.126107684482  -2.765222397784   4.586886399776 Bohr   0.0
[INPUT] 80 C      9.489695234588  -0.844619742582   3.567515606191 AA   17.932924998961  -1.596099992880   6.741627440814 Bohr   0.0
[INPUT] 81 N      8.744455375762  -0.914408205513   4.728359496188 AA   16.524625768671  -1.727981074474   8.935304466282 Bohr   0.0
[INPUT] 82 H      8.932326478558  -1.586573782183   5.585612434494 AA   16.879650699675  -2.998189924741  10.555277739159 Bohr   0.0
[INPUT] 83 C      7.937932192885   0.167306391539   4.768637011088 AA   15.000517839921   0.316163258898   9.011417938420 Bohr   0.0
[INPUT] 84 H      7.250899037555   0.373087539724   5.597966969651 AA   13.702213337851   0.705033270566  10.578624427002 Bohr   0.0
[INPUT] 85 N      8.113643261465   0.938096531813   3.686287132371 AA   15.332563636592   1.772745523530   6.966073096689 Bohr   0.0
[INPUT] 86 C      9.082800363777   0.318163548928   2.924055560037 AA   17.164005131639   0.601241970294   5.525664181482 Bohr   0.0
[INPUT] 87 H      9.439692316487   0.739228655593   1.978140047770 AA   17.838433178322   1.396939702501   3.738142926320 Bohr   0.0
[INPUT] 88 C      8.943482184523  -2.861004093749   1.418180816327 AA   16.900731928675  -5.406514178444   2.679973337970 Bohr   0.0
[INPUT] 89 O      7.725933753471  -2.715908834558   1.577399366609 AA   14.599898850593  -5.132323876602   2.980852791953 Bohr   0.0
[INPUT] 90 N      9.591096815169  -2.676597604999   0.233703067737 AA   18.124546214858  -5.058036419115   0.441634792493 Bohr   0.0
[INPUT] 91 H     10.587375952347  -2.926652435797   0.244474700145 AA   20.007240927743  -5.530571565447   0.461990227659 Bohr   0.0
[INPUT] 92 C      8.933699995689  -2.266599995248  -0.986999997825 AA   16.882246270879  -4.283253224958  -1.865159680836 Bohr   0.0
[INPUT] 93 H      9.459527795318  -1.406417578004  -1.449920491293 AA   17.875916800861  -2.657744039202  -2.739952630939 Bohr   0.0
[INPUT] 94 H      6.300911998503   5.992272211826   0.933477577512 AA   11.906998012156  11.323753344192   1.764016964920 Bohr   0.0
[INPUT] 95 H      5.069064525483   7.151147402712   0.301694799725 AA    9.579143660911  13.513710067520   0.570120544686 Bohr   0.0
[INPUT] 96 H      4.749646286117   5.378838928286   0.288610180424 AA    8.975530669319  10.164532442610   0.545394197764 Bohr   0.0
[INPUT] 97 H      9.043701757627   7.163367608369  -5.469705308159 AA   17.090119474163  13.536802909399 -10.336245014501 Bohr   0.0
[INPUT] 98 H      7.473088467522   8.024896809777  -5.604540692434 AA   14.122090508262  15.164857148375 -10.591046962681 Bohr   0.0
[INPUT] 99 H      1.777932367697   1.963409583225   2.507362848072 AA    3.359805242947   3.710306382642   4.738229077766 Bohr   0.0
[INPUT]100 H      2.997930051715   3.129557622568   1.940143724407 AA    5.665266738345   5.914006797698   3.666340281423 Bohr   0.0
[INPUT]101 H      1.963612916103   3.519976653071   3.374049983857 AA    3.710690626093   6.651791839167   6.376030400082 Bohr   0.0
[INPUT]102 H      0.148891184344   5.381822323522   3.267000784731 AA    0.281363560772  10.170170242527   6.173736731880 Bohr   0.0
[INPUT]103 H     10.775375013789  -1.245204737970   7.608944583143 AA   20.362507665542  -2.353095923773  14.378821359132 Bohr   0.0
[INPUT]104 H     12.133755787534   0.703285618894   9.386094218985 AA   22.929475300795   1.329017207054  17.737147453245 Bohr   0.0
[INPUT]105 H     11.833837220827   0.870889919788   7.618155452214 AA   22.362711350047   1.645743433044  14.396227379047 Bohr   0.0
[INPUT]106 H     11.569271650534  -5.721279693840   8.816217167885 AA   21.862754880204 -10.811651703392  16.660235901991 Bohr   0.0
[INPUT]107 H     11.152623775655  -6.255529790542  10.490730776209 AA   21.075404506301 -11.821238068183  19.824608013580 Bohr   0.0
[INPUT]108 H      9.858246873813  -5.800061892094   9.348771419917 AA   18.629386659856 -10.960528481585  17.666617584804 Bohr   0.0
[INPUT]109 H      8.885476953210  -3.090550780010  -1.731989526447 AA   16.791117927701  -5.840294548279  -3.272985855600 Bohr   0.0
[INPUT]110 H      7.900041447268  -1.961905541127  -0.736004838120 AA   14.928914708049  -3.707464154996  -1.390847570403 Bohr   0.0
[INPUT]111 H     10.145530343841  -5.949226652227   2.794150715901 AA   19.172273738324 -11.242409025672   5.280179603810 Bohr   0.0
[INPUT]112 H      9.907605171054  -5.520348439379   1.067036948198 AA   18.722660323617 -10.431946662597   2.016407596886 Bohr   0.0
[INPUT]113 H     11.527254891000  -6.034708466496   1.633052152682 AA   21.783354712044 -11.403946243272   3.086021315700 Bohr   0.0
[INPUT]114 C     10.810753210479   3.771774923845   4.699633062253 AA   20.429362768067   7.127621609569   8.881019373609 Bohr   0.0
[INPUT]115 C      9.792903045450   4.266615658856   3.969936710035 AA   18.505904720319   8.062735074018   7.502093113822 Bohr   0.0
[INPUT]116 H     11.119393845247   4.290562667752   5.617210283533 AA   21.012609038691   8.107988362334  10.614989019968 Bohr   0.0
[INPUT]117 H     11.336506740340   2.850703804832   4.405730407129 AA   21.422892948528   5.387049453388   8.325623848142 Bohr   0.0
[INPUT]118 O      9.380346272168   3.655855308488   2.821180876725 AA   17.726285407982   6.908565284079   5.331259204870 Bohr   0.0
[INPUT]119 H      9.233483139322   5.177364715059   4.236670586335 AA   17.448754309108   9.783801358449   8.006147088174 Bohr   0.0
[INPUT]120 C      8.225392833152   4.159819568857   2.172173177410 AA   15.543739721617   7.860919712746   4.104812400432 Bohr   0.0
[INPUT]121 O      7.893852570574   5.343657897410   2.304441600966 AA   14.917219426078  10.098049929475   4.354763495880 Bohr   0.0
[INPUT]122 C      8.015364451707   3.360198427772   0.902813674710 AA   15.146843602301   6.349854752682   1.706070586715 Bohr   0.0
[INPUT]123 H      7.092436342677   3.685978958362   0.392582654404 AA   13.402762243571   6.965490732214   0.741873698079 Bohr   0.0
[INPUT]124 H      8.868373567098   3.566140689390   0.228969532773 AA   16.758797212147   6.739029224615   0.432689707811 Bohr   0.0
[INPUT]125 H      7.981551704340   2.272965783618   1.089282589918 AA   15.082946770259   4.295282821546   2.058445767201 Bohr   0.0

nuclear repulsion = 8617.57164226604
number of shells = 546
number of NR pGTOs = 1844
number of NR cGTOs = 1138
basis = def2-SVP
ecp = {}
CPU time:         1.33
XC library gpu4pyscf.dft.libxc version 7.0.0 (CUDA)
    unable to decode the reference due to https://github.com/NVIDIA/cuda-python/issues/29
radial grids: 
    Treutler-Ahlrichs [JCP 102, 346 (1995); DOI:10.1063/1.469408] (M4) radial grids
    
becke partition: Becke, JCP 88, 2547 (1988); DOI:10.1063/1.454033
pruning grids: <function nwchem_prune at 0x7df791d637f0>
grids dens level: 3
symmetrized grids: False
atomic radii adjust function: <function treutler_atomic_radii_adjust at 0x7df791d63400>
small_rho_cutoff = 1e-07
Set gradient conv threshold to 0.000316228
tot grids = 1468928
init E= -2807.08866801687
  alpha nocc = 222  HOMO = 0.680242746084056  LUMO = 0.915499991018465
  beta  nocc = 222  HOMO = 0.0230474652419983  LUMO = 0.160765053392203

WARN: system HOMO 0.0230474652419983 >= system LUMO 0.160765053392203

cycle= 1 E= -2799.83230385227  delta_E= 7.26  |ddm|= 7.98
  alpha nocc = 222  HOMO = 0.0930697281196081  LUMO = 1.17983052374001
  beta  nocc = 222  HOMO = 0.0703112386110789  LUMO = 0.221073218280038
cycle= 2 E= -2800.85599292966  delta_E= -1.02  |ddm|= 4.69
  alpha nocc = 222  HOMO = -0.109682432361889  LUMO = 1.26359476008176
  beta  nocc = 222  HOMO = -0.0932717087492296  LUMO = 0.25473174220824
cycle= 3 E= -2802.31426438313  delta_E= -1.46  |ddm|= 1.95
  alpha nocc = 222  HOMO = -0.120823927006111  LUMO = 1.26751838344045
  beta  nocc = 222  HOMO = -0.116233338678235  LUMO = 0.267991871113926
cycle= 4 E= -2802.45031848321  delta_E= -0.136  |ddm|= 0.72
  alpha nocc = 222  HOMO = -0.118710038355983  LUMO = 1.2696886933936
  beta  nocc = 222  HOMO = -0.117356249297211  LUMO = 0.269747643573725
cycle= 5 E= -2802.48023437695  delta_E= -0.0299  |ddm|= 0.335
  alpha nocc = 222  HOMO = -0.116698565044208  LUMO = 1.26887250217481
  beta  nocc = 222  HOMO = -0.115694691226498  LUMO = 0.269313260716146
cycle= 6 E= -2802.48848096578  delta_E= -0.00825  |ddm|= 0.148
  alpha nocc = 222  HOMO = -0.117679274781124  LUMO = 1.26910558417967
  beta  nocc = 222  HOMO = -0.116510123577485  LUMO = 0.269580923086258
cycle= 7 E= -2802.49268571218  delta_E= -0.0042  |ddm|= 0.0989
  alpha nocc = 222  HOMO = -0.116326271713118  LUMO = 1.26963049168579
  beta  nocc = 222  HOMO = -0.115285922226191  LUMO = 0.269939594592266
cycle= 8 E= -2802.49499818271  delta_E= -0.00231  |ddm|= 0.071
  alpha nocc = 222  HOMO = -0.117278332337965  LUMO = 1.26973343757763
  beta  nocc = 222  HOMO = -0.116429552033755  LUMO = 0.270031612475672
cycle= 9 E= -2802.49638690399  delta_E= -0.00139  |ddm|= 0.0525
  alpha nocc = 222  HOMO = -0.116410953358044  LUMO = 1.26962222277551
  beta  nocc = 222  HOMO = -0.115982093349754  LUMO = 0.269835448228215
cycle= 10 E= -2802.49718209037  delta_E= -0.000795  |ddm|= 0.043
  alpha nocc = 222  HOMO = -0.117008293968556  LUMO = 1.2698197300025
  beta  nocc = 222  HOMO = -0.116703529122544  LUMO = 0.269984734700421
cycle= 11 E= -2802.49770877729  delta_E= -0.000527  |ddm|= 0.0315
  alpha nocc = 222  HOMO = -0.116213444037822  LUMO = 1.26985183189165
  beta  nocc = 222  HOMO = -0.116162637323258  LUMO = 0.26999900362691
cycle= 12 E= -2802.49806577115  delta_E= -0.000357  |ddm|= 0.025
  alpha nocc = 222  HOMO = -0.116718714272511  LUMO = 1.2696897510378
  beta  nocc = 222  HOMO = -0.116624443446196  LUMO = 0.269832278149489
cycle= 13 E= -2802.49829178158  delta_E= -0.000226  |ddm|= 0.0185
  alpha nocc = 222  HOMO = -0.116888142687633  LUMO = 1.26992140328674
  beta  nocc = 222  HOMO = -0.116945163325036  LUMO = 0.27004871041948
cycle= 14 E= -2802.49841010205  delta_E= -0.000118  |ddm|= 0.0175
  alpha nocc = 222  HOMO = -0.116818738054564  LUMO = 1.26991071914866
  beta  nocc = 222  HOMO = -0.116948243207596  LUMO = 0.270023993196212
cycle= 15 E= -2802.4984836525  delta_E= -7.36e-05  |ddm|= 0.0131
  alpha nocc = 222  HOMO = -0.116927855971242  LUMO = 1.26988943533798
  beta  nocc = 222  HOMO = -0.117042660432243  LUMO = 0.269984095116327
cycle= 16 E= -2802.49853778978  delta_E= -5.41e-05  |ddm|= 0.00911
  alpha nocc = 222  HOMO = -0.116861369990505  LUMO = 1.26991815808033
  beta  nocc = 222  HOMO = -0.116946468087283  LUMO = 0.269989837463841
cycle= 17 E= -2802.49857620273  delta_E= -3.84e-05  |ddm|= 0.00688
  alpha nocc = 222  HOMO = -0.117048788812073  LUMO = 1.26991823625563
  beta  nocc = 222  HOMO = -0.117110420054853  LUMO = 0.269977290507582
cycle= 18 E= -2802.49860029271  delta_E= -2.41e-05  |ddm|= 0.00569
  alpha nocc = 222  HOMO = -0.117005528639852  LUMO = 1.26986370908104
  beta  nocc = 222  HOMO = -0.11703245852596  LUMO = 0.269906921140183
cycle= 19 E= -2802.49861508368  delta_E= -1.48e-05  |ddm|= 0.00443
  alpha nocc = 222  HOMO = -0.11703976969956  LUMO = 1.26988377419302
  beta  nocc = 222  HOMO = -0.11704382748608  LUMO = 0.26991184283088
cycle= 20 E= -2802.49862391289  delta_E= -8.83e-06  |ddm|= 0.00358
  alpha nocc = 222  HOMO = -0.117061691245885  LUMO = 1.26989429477752
  beta  nocc = 222  HOMO = -0.117049093660756  LUMO = 0.269910053772936
cycle= 21 E= -2802.49862974129  delta_E= -5.83e-06  |ddm|= 0.00288
  alpha nocc = 222  HOMO = -0.1170941608386  LUMO = 1.26986714653112
  beta  nocc = 222  HOMO = -0.117068443978587  LUMO = 0.26987491917808
cycle= 22 E= -2802.49863372682  delta_E= -3.99e-06  |ddm|= 0.0023
  alpha nocc = 222  HOMO = -0.117082146518661  LUMO = 1.26987794306777
  beta  nocc = 222  HOMO = -0.117066657826115  LUMO = 0.269882710072479
cycle= 23 E= -2802.49863631813  delta_E= -2.59e-06  |ddm|= 0.00187
  alpha nocc = 222  HOMO = -0.117092234397826  LUMO = 1.26987129397525
  beta  nocc = 222  HOMO = -0.117077925891016  LUMO = 0.269872816232155
cycle= 24 E= -2802.49863796238  delta_E= -1.64e-06  |ddm|= 0.00153
  alpha nocc = 222  HOMO = -0.117091752505767  LUMO = 1.26986810487915
  beta  nocc = 222  HOMO = -0.117083919702737  LUMO = 0.269866874022514
cycle= 25 E= -2802.49863903619  delta_E= -1.07e-06  |ddm|= 0.00125
  alpha nocc = 222  HOMO = -0.117090749895432  LUMO = 1.26986733304617
  beta  nocc = 222  HOMO = -0.117088114797909  LUMO = 0.269866248335024
cycle= 26 E= -2802.49863976218  delta_E= -7.26e-07  |ddm|= 0.000992
  alpha nocc = 222  HOMO = -0.117087821913067  LUMO = 1.2698654494492
  beta  nocc = 222  HOMO = -0.117087071795784  LUMO = 0.269864327407601
cycle= 27 E= -2802.49864024585  delta_E= -4.84e-07  |ddm|= 0.000811
  alpha nocc = 222  HOMO = -0.117088148916044  LUMO = 1.26986829338747
  beta  nocc = 222  HOMO = -0.117089001896062  LUMO = 0.269867642556741
cycle= 28 E= -2802.49864057093  delta_E= -3.25e-07  |ddm|= 0.000657
  alpha nocc = 222  HOMO = -0.117079317754233  LUMO = 1.26986690952909
  beta  nocc = 222  HOMO = -0.11708176197618  LUMO = 0.269867737827562
cycle= 29 E= -2802.49864078565  delta_E= -2.15e-07  |ddm|= 0.000536
  alpha nocc = 222  HOMO = -0.117088412268585  LUMO = 1.26986185908482
  beta  nocc = 222  HOMO = -0.117091038520164  LUMO = 0.269863204463292
cycle= 30 E= -2802.49864092797  delta_E= -1.42e-07  |ddm|= 0.00044
  alpha nocc = 222  HOMO = -0.117083432327544  LUMO = 1.26986440693838
  beta  nocc = 222  HOMO = -0.117086059003766  LUMO = 0.269866244312595
cycle= 31 E= -2802.49864102268  delta_E= -9.47e-08  |ddm|= 0.00035
  alpha nocc = 222  HOMO = -0.117085597374479  LUMO = 1.26986563274772
  beta  nocc = 222  HOMO = -0.117087799564894  LUMO = 0.269867198956665
cycle= 32 E= -2802.49864108582  delta_E= -6.31e-08  |ddm|= 0.000281
converged SCF energy = -2802.49864108582  <S^2> = 3.6074525e-07  2S+1 = 1.0000007
